Resolving dependencies...
Downloading packages...
  _fe_analyzer_shared 72.0.0 (92.0.0 available)
  _flutterfire_internals 1.3.35 (1.3.64 available)
  analyzer 6.7.0 (9.0.0 available)
  analyzer_plugin 0.11.3 (0.13.11 available)
  archive 3.6.1 (4.0.7 available)
  async 2.11.0 (2.13.0 available)
  boolean_selector 2.1.1 (2.1.2 available)
  build 2.4.1 (4.0.3 available)
  build_config 1.1.1 (1.2.0 available)
  build_daemon 4.0.2 (4.1.1 available)
  build_resolvers 2.4.2 (3.0.4 available)
  build_runner 2.4.13 (2.10.4 available)
  build_runner_core 7.3.2 (9.3.2 available)
  characters 1.3.0 (1.4.1 available)
  checked_yaml 2.0.3 (2.0.4 available)
  clock 1.1.1 (1.1.2 available)
  code_builder 4.10.1 (4.11.0 available)
  collection 1.18.0 (1.19.1 available)
  confetti 0.7.0 (0.8.0 available)
  cross_file 0.3.4+2 (0.3.5+1 available)
  custom_lint_core 0.7.0 (0.8.1 available)
  custom_lint_visitor 1.0.0+6.7.0 (1.0.0+8.4.0 available)
  dart_style 2.3.7 (3.1.3 available)
  device_info_plus 9.1.2 (12.3.0 available)
  device_info_plus_platform_interface 7.0.2 (7.0.3 available)
  fake_async 1.3.1 (1.3.3 available)
  ffi 2.1.3 (2.1.4 available)
  file 7.0.0 (7.0.1 available)
  file_picker 6.2.1 (10.3.7 available)
  firebase_analytics 10.10.7 (12.0.4 available)
  firebase_analytics_platform_interface 3.10.8 (5.0.4 available)
  firebase_analytics_web 0.5.7+7 (0.6.1 available)
  firebase_core 2.32.0 (4.2.1 available)
  firebase_core_platform_interface 5.4.2 (6.0.2 available)
  firebase_core_web 2.24.0 (3.3.0 available)
  firebase_crashlytics 3.5.7 (5.0.5 available)
  firebase_crashlytics_platform_interface 3.6.35 (3.8.15 available)
  firebase_remote_config 4.4.7 (6.1.2 available)
  firebase_remote_config_platform_interface 1.4.35 (2.0.5 available)
  firebase_remote_config_web 1.6.7 (1.10.1 available)
  fl_chart 0.68.0 (1.1.1 available)
  flutter_local_notifications 17.2.4 (19.5.0 available)
  flutter_local_notifications_linux 4.0.1 (6.0.0 available)
  flutter_local_notifications_platform_interface 7.2.0 (9.1.0 available)
  flutter_plugin_android_lifecycle 2.0.26 (2.0.33 available)
  flutter_riverpod 2.6.1 (3.0.3 available)
  freezed_annotation 2.4.4 (3.1.0 available)
  http_parser 4.0.2 (4.1.2 available)
  in_app_purchase 3.2.0 (3.2.3 available)
  in_app_purchase_android 0.3.6+13 (0.4.0+8 available)
  in_app_purchase_storekit 0.3.22+1 (0.4.6+2 available)
  intl 0.18.1 (0.20.2 available)
  introduction_screen 3.1.17 (4.0.0 available)
  js 0.7.1 (0.7.2 available)
  leak_tracker 10.0.5 (11.0.2 available)
  leak_tracker_flutter_testing 3.0.5 (3.0.10 available)
  leak_tracker_testing 3.0.1 (3.0.2 available)
  macros 0.1.2-main.4 (0.1.3-main.0 available)
  matcher 0.12.16+1 (0.12.18 available)
  material_color_utilities 0.11.1 (0.13.0 available)
  meta 1.15.0 (1.17.0 available)
  mime 1.0.6 (2.0.0 available)
  mockito 5.4.4 (5.6.1 available)
  package_info_plus 4.2.0 (9.0.0 available)
  package_info_plus_platform_interface 2.0.1 (3.2.1 available)
  path 1.9.0 (1.9.1 available)
  path_provider_android 2.2.15 (2.2.22 available)
  path_provider_foundation 2.4.1 (2.5.1 available)
  petitparser 6.0.2 (7.0.1 available)
  platform 3.1.5 (3.1.6 available)
  pointycastle 3.9.1 (4.0.0 available)
  process 5.0.2 (5.0.5 available)
  pubspec_parse 1.4.0 (1.5.0 available)
  riverpod 2.6.1 (3.0.3 available)
  riverpod_analyzer_utils 0.5.8 (0.5.10 available)
  riverpod_annotation 2.6.1 (3.0.3 available)
  riverpod_generator 2.6.3 (3.0.3 available)
  share_plus 7.2.2 (12.0.1 available)
  share_plus_platform_interface 3.4.0 (6.1.0 available)
  shared_preferences_android 2.4.7 (2.4.17 available)
  shared_preferences_foundation 2.5.4 (2.5.6 available)
  shelf 1.4.1 (1.4.2 available)
  shelf_web_socket 2.0.1 (3.0.0 available)
  showcaseview 2.1.1 (5.0.1 available)
  source_gen 1.5.0 (4.1.1 available)
  source_span 1.10.0 (1.10.1 available)
  sqflite 2.4.1 (2.4.2 available)
  sqflite_android 2.4.0 (2.4.2+2 available)
  sqflite_common 2.5.4+6 (2.5.6 available)
  sqflite_common_ffi 2.3.4+4 (2.4.0 available)
  sqflite_darwin 2.4.1+1 (2.4.2 available)
  sqlite3 2.9.4 (3.1.1 available)
  stack_trace 1.11.1 (1.12.1 available)
  stream_channel 2.1.2 (2.1.4 available)
  string_scanner 1.2.0 (1.4.1 available)
  synchronized 3.3.0+3 (3.4.0 available)
  table_calendar 3.0.9 (3.2.0 available)
  term_glyph 1.2.1 (1.2.2 available)
  test_api 0.7.2 (0.7.8 available)
  timezone 0.9.4 (0.10.1 available)
  url_launcher 6.3.1 (6.3.2 available)
  url_launcher_android 6.3.14 (6.3.28 available)
  url_launcher_ios 6.3.3 (6.3.6 available)
  url_launcher_linux 3.2.1 (3.2.2 available)
  url_launcher_macos 3.2.2 (3.2.5 available)
  url_launcher_web 2.3.3 (2.4.1 available)
  url_launcher_windows 3.1.4 (3.1.5 available)
  vector_math 2.1.4 (2.2.0 available)
  vm_service 14.2.5 (15.0.2 available)
  webdriver 3.0.3 (3.1.0 available)
  win32 5.10.1 (5.15.0 available)
  win32_registry 1.1.5 (2.1.0 available)
  xml 6.5.0 (6.6.1 available)
Got dependencies!
113 packages have newer versions incompatible with dependency constraints.
Try `flutter pub outdated` for more information.

Running Gradle task 'assembleRelease'...                        
flutter : This application cannot tree shake icons fonts. It has 
non-constant instances of IconData at the following locations:
En línea: 1 Carácter: 18
+ cd C:\Streakify; flutter build apk --release 2>&1 | Tee-Object 
-FileP ...
+                  ~~~~~~~~~~~~~~~~~~~~~~~~~~~~~~~~
    + CategoryInfo          : NotSpecified: (This applicatio...wing 
locations::String) [], RemoteException
    + FullyQualifiedErrorId : NativeCommandError
 
  - file:///C:/Streakify/lib/models/category.dart:28:13
  - file:///C:/Streakify/lib/models/category.dart:45:13
Target aot_android_asset_bundle failed: Error: Avoid non-constant 
invocations of IconData or try to build again with 
--no-tree-shake-icons.


FAILURE: Build failed with an exception.

* What went wrong:
Execution failed for task ':app:compileFlutterBuildRelease'.
> Process 'command 'C:\Flutter\flutter\bin\flutter.bat'' finished with 
non-zero exit value 1

* Try:
> Run with --stacktrace option to get the stack trace.
> Run with --info or --debug option to get more log output.
> Run with --scan to get full insights.
> Get more help at https://help.gradle.org.

BUILD FAILED in 2m 18s
Running Gradle task 'assembleRelease'...                          139,2s
Gradle task assembleRelease failed with exit code 1
